Approximately 12.0 seconds until results available

--- owping statistics from [10.1.3.11]:8998 to [10.1.3.22]:40933 ---
SID:	0a010316ee6f34bbf7a43a8fc7a455a0
seq_no=0          delay=0.062 ms	(sync, err=0.00201 ms)
seq_no=1          delay=0.587 ms	(sync, err=0.00201 ms)
seq_no=2          delay=2.58 ms	(sync, err=0.00201 ms)
seq_no=3          delay=4.5 ms	(sync, err=0.00201 ms)
seq_no=4          delay=0.073 ms	(sync, err=0.00201 ms)
seq_no=5          delay=0.0539 ms	(sync, err=0.00201 ms)
seq_no=6          delay=0.0601 ms	(sync, err=0.00201 ms)
seq_no=7          delay=0.083 ms	(sync, err=0.00201 ms)
seq_no=8          delay=0.0658 ms	(sync, err=0.00201 ms)
seq_no=9          delay=0.0386 ms	(sync, err=0.00201 ms)
seq_no=10         delay=0.093 ms	(sync, err=0.00201 ms)
seq_no=11         delay=0.1 ms	(sync, err=0.00201 ms)
seq_no=12         delay=0.0682 ms	(sync, err=0.00201 ms)
seq_no=13         delay=0.0558 ms	(sync, err=0.00201 ms)
seq_no=14         delay=0.0448 ms	(sync, err=0.00201 ms)
seq_no=15         delay=0.199 ms	(sync, err=0.00201 ms)
seq_no=16         delay=0.0901 ms	(sync, err=0.00201 ms)
seq_no=17         delay=0.0997 ms	(sync, err=0.00201 ms)
seq_no=18         delay=0.354 ms	(sync, err=0.00201 ms)
seq_no=19         delay=0.462 ms	(sync, err=0.00201 ms)
seq_no=20         delay=0.303 ms	(sync, err=0.00201 ms)
seq_no=21         delay=0.0372 ms	(sync, err=0.00201 ms)
seq_no=22         delay=0.0424 ms	(sync, err=0.00201 ms)
seq_no=23         delay=0.938 ms	(sync, err=0.00201 ms)
seq_no=24         delay=0.0434 ms	(sync, err=0.00201 ms)
seq_no=25         delay=0.0429 ms	(sync, err=0.00201 ms)
seq_no=26         delay=0.0863 ms	(sync, err=0.00201 ms)
seq_no=27         delay=0.0582 ms	(sync, err=0.00201 ms)
seq_no=28         delay=0.704 ms	(sync, err=0.00201 ms)
seq_no=29         delay=0.115 ms	(sync, err=0.00201 ms)
seq_no=30         delay=2.87 ms	(sync, err=0.00201 ms)
seq_no=31         delay=0.062 ms	(sync, err=0.00201 ms)
seq_no=32         delay=0.101 ms	(sync, err=0.00201 ms)
seq_no=33         delay=0.042 ms	(sync, err=0.00201 ms)
seq_no=34         delay=0.0954 ms	(sync, err=0.00201 ms)
seq_no=35         delay=0.425 ms	(sync, err=0.00201 ms)
seq_no=36         delay=0.0486 ms	(sync, err=0.00201 ms)
seq_no=37         delay=2 ms	(sync, err=0.00201 ms)
seq_no=38         delay=0.051 ms	(sync, err=0.00201 ms)
seq_no=39         delay=1.69 ms	(sync, err=0.00201 ms)
seq_no=40         delay=2.62 ms	(sync, err=0.00201 ms)
seq_no=41         delay=0.995 ms	(sync, err=0.00201 ms)
seq_no=42         delay=0.0591 ms	(sync, err=0.00201 ms)
seq_no=43         delay=0.0491 ms	(sync, err=0.00201 ms)
seq_no=44         delay=1.35 ms	(sync, err=0.00201 ms)
seq_no=45         delay=0.0482 ms	(sync, err=0.00201 ms)
seq_no=46         delay=0.0482 ms	(sync, err=0.00201 ms)
seq_no=47         delay=0.0381 ms	(sync, err=0.00201 ms)
seq_no=48         delay=1.53 ms	(sync, err=0.00201 ms)
seq_no=49         delay=0.0682 ms	(sync, err=0.00201 ms)
seq_no=50         delay=0.0911 ms	(sync, err=0.00201 ms)
seq_no=51         delay=5.01 ms	(sync, err=0.00201 ms)
seq_no=52         delay=0.0448 ms	(sync, err=0.00201 ms)
seq_no=53         delay=0.0868 ms	(sync, err=0.00201 ms)
seq_no=54         delay=2.25 ms	(sync, err=0.00201 ms)
seq_no=55         delay=0.0529 ms	(sync, err=0.00201 ms)
seq_no=56         delay=0.0458 ms	(sync, err=0.00201 ms)
seq_no=57         delay=0.0501 ms	(sync, err=0.00201 ms)
seq_no=58         delay=0.0491 ms	(sync, err=0.00201 ms)
seq_no=59         delay=0.16 ms	(sync, err=0.00201 ms)
seq_no=60         delay=0.0811 ms	(sync, err=0.00201 ms)
seq_no=61         delay=0.416 ms	(sync, err=0.00201 ms)
seq_no=62         delay=0.0639 ms	(sync, err=0.00201 ms)
seq_no=63         delay=0.0577 ms	(sync, err=0.00201 ms)
seq_no=64         delay=0.0672 ms	(sync, err=0.00201 ms)
seq_no=65         delay=0.0663 ms	(sync, err=0.00201 ms)
seq_no=66         delay=0.0529 ms	(sync, err=0.00201 ms)
seq_no=67         delay=0.031 ms	(sync, err=0.00201 ms)
seq_no=68         delay=0.0491 ms	(sync, err=0.00201 ms)
seq_no=69         delay=0.0749 ms	(sync, err=0.00201 ms)
seq_no=70         delay=0.092 ms	(sync, err=0.00201 ms)
seq_no=71         delay=0.0639 ms	(sync, err=0.00201 ms)
seq_no=72         delay=0.0796 ms	(sync, err=0.00201 ms)
seq_no=73         delay=0.0744 ms	(sync, err=0.00201 ms)
seq_no=74         delay=0.108 ms	(sync, err=0.00201 ms)
seq_no=75         delay=0.174 ms	(sync, err=0.00201 ms)
seq_no=76         delay=0.192 ms	(sync, err=0.00201 ms)
seq_no=77         delay=0.198 ms	(sync, err=0.00201 ms)
seq_no=78         delay=0.191 ms	(sync, err=0.00201 ms)
seq_no=79         delay=0.223 ms	(sync, err=0.00201 ms)
seq_no=80         delay=0.169 ms	(sync, err=0.00201 ms)
seq_no=81         delay=0.141 ms	(sync, err=0.00201 ms)
seq_no=82         delay=0.0658 ms	(sync, err=0.00201 ms)
seq_no=83         delay=0.215 ms	(sync, err=0.00201 ms)
seq_no=84         delay=0.188 ms	(sync, err=0.00201 ms)
seq_no=85         delay=0.157 ms	(sync, err=0.00201 ms)
seq_no=86         delay=0.201 ms	(sync, err=0.00201 ms)
seq_no=87         delay=0.191 ms	(sync, err=0.00201 ms)
seq_no=88         delay=0.182 ms	(sync, err=0.00201 ms)
seq_no=89         delay=0.0601 ms	(sync, err=0.00201 ms)

--- owping statistics from [10.1.3.11]:8998 to [10.1.3.22]:40933 ---
SID:	0a010316ee6f34bbf7a43a8fc7a455a0
first:	2026-10-06T08:50:04.950
last:	2026-10-06T08:50:15.073
90 sent, 0 lost (0.000%), 0 duplicates
one-way delay min/median/max = 0.031/0.1/5.01 ms, (err=0.00201 ms)
one-way jitter = 2.5 ms (P95-P50)
hops = 0 (consistently)
no reordering

