Approximately 12.0 seconds until results available

--- owping statistics from [10.1.6.11]:8765 to [10.1.6.22]:45567 ---
SID:	0a010616ee6f348a1af852cd8b78b340
seq_no=0          delay=0.051 ms	(sync, err=0.00201 ms)
seq_no=1          delay=0.041 ms	(sync, err=0.00201 ms)
seq_no=2          delay=0.062 ms	(sync, err=0.00201 ms)
seq_no=3          delay=0.0677 ms	(sync, err=0.00201 ms)
seq_no=4          delay=0.116 ms	(sync, err=0.00201 ms)
seq_no=5          delay=2.94 ms	(sync, err=0.00201 ms)
seq_no=6          delay=0.0343 ms	(sync, err=0.00201 ms)
seq_no=7          delay=0.103 ms	(sync, err=0.00201 ms)
seq_no=8          delay=0.0858 ms	(sync, err=0.00201 ms)
seq_no=9          delay=0.0701 ms	(sync, err=0.00201 ms)
seq_no=10         delay=0.0501 ms	(sync, err=0.00201 ms)
seq_no=11         delay=0.0453 ms	(sync, err=0.00201 ms)
seq_no=12         delay=0.443 ms	(sync, err=0.00201 ms)
seq_no=13         delay=0.0501 ms	(sync, err=0.00201 ms)
seq_no=14         delay=0.061 ms	(sync, err=0.00201 ms)
seq_no=15         delay=0.349 ms	(sync, err=0.00201 ms)
seq_no=16         delay=0.061 ms	(sync, err=0.00201 ms)
seq_no=17         delay=0.141 ms	(sync, err=0.00201 ms)
seq_no=18         delay=0.404 ms	(sync, err=0.00201 ms)
seq_no=19         delay=0.0672 ms	(sync, err=0.00201 ms)
seq_no=20         delay=0.0849 ms	(sync, err=0.00201 ms)
seq_no=21         delay=0.357 ms	(sync, err=0.00201 ms)
seq_no=22         delay=0.0677 ms	(sync, err=0.00201 ms)
seq_no=23         delay=0.22 ms	(sync, err=0.00201 ms)
seq_no=24         delay=0.0591 ms	(sync, err=0.00201 ms)
seq_no=25         delay=0.073 ms	(sync, err=0.00201 ms)
seq_no=26         delay=0.083 ms	(sync, err=0.00201 ms)
seq_no=27         delay=0.0529 ms	(sync, err=0.00201 ms)
seq_no=28         delay=0.072 ms	(sync, err=0.00201 ms)
seq_no=29         delay=0.0768 ms	(sync, err=0.00201 ms)
seq_no=30         delay=0.093 ms	(sync, err=0.00201 ms)
seq_no=31         delay=0.0629 ms	(sync, err=0.00201 ms)
seq_no=32         delay=0.073 ms	(sync, err=0.00201 ms)
seq_no=33         delay=0.0939 ms	(sync, err=0.00201 ms)
seq_no=34         delay=0.0663 ms	(sync, err=0.00201 ms)
seq_no=35         delay=0.0639 ms	(sync, err=0.00201 ms)
seq_no=36         delay=0.0644 ms	(sync, err=0.00201 ms)
seq_no=37         delay=0.0601 ms	(sync, err=0.00201 ms)
seq_no=38         delay=0.0639 ms	(sync, err=0.00201 ms)
seq_no=39         delay=0.0606 ms	(sync, err=0.00201 ms)
seq_no=40         delay=0.158 ms	(sync, err=0.00201 ms)
seq_no=41         delay=0.0801 ms	(sync, err=0.00201 ms)
seq_no=42         delay=0.0672 ms	(sync, err=0.00201 ms)
seq_no=43         delay=0.092 ms	(sync, err=0.00201 ms)
seq_no=44         delay=0.0691 ms	(sync, err=0.00201 ms)
seq_no=45         delay=0.403 ms	(sync, err=0.00201 ms)
seq_no=46         delay=0.0577 ms	(sync, err=0.00201 ms)
seq_no=47         delay=0.0539 ms	(sync, err=0.00201 ms)
seq_no=48         delay=0.0601 ms	(sync, err=0.00201 ms)
seq_no=49         delay=0.0734 ms	(sync, err=0.00201 ms)
seq_no=50         delay=2.01 ms	(sync, err=0.00201 ms)
seq_no=51         delay=0.062 ms	(sync, err=0.00201 ms)
seq_no=52         delay=0.0558 ms	(sync, err=0.00201 ms)
seq_no=53         delay=0.0653 ms	(sync, err=0.00201 ms)
seq_no=54         delay=0.101 ms	(sync, err=0.00201 ms)
seq_no=55         delay=0.0682 ms	(sync, err=0.00201 ms)
seq_no=56         delay=0.061 ms	(sync, err=0.00201 ms)
seq_no=57         delay=0.102 ms	(sync, err=0.00201 ms)
seq_no=58         delay=0.0639 ms	(sync, err=0.00201 ms)
seq_no=59         delay=0.0634 ms	(sync, err=0.00201 ms)
seq_no=60         delay=0.0663 ms	(sync, err=0.00201 ms)
seq_no=61         delay=0.116 ms	(sync, err=0.00201 ms)
seq_no=62         delay=0.0672 ms	(sync, err=0.00201 ms)
seq_no=63         delay=0.116 ms	(sync, err=0.00201 ms)
seq_no=64         delay=0.566 ms	(sync, err=0.00201 ms)
seq_no=65         delay=0.0739 ms	(sync, err=0.00201 ms)
seq_no=66         delay=0.083 ms	(sync, err=0.00201 ms)
seq_no=67         delay=0.082 ms	(sync, err=0.00201 ms)
seq_no=68         delay=0.0796 ms	(sync, err=0.00201 ms)
seq_no=69         delay=0.0911 ms	(sync, err=0.00201 ms)
seq_no=70         delay=0.168 ms	(sync, err=0.00201 ms)
seq_no=71         delay=0.072 ms	(sync, err=0.00201 ms)
seq_no=72         delay=0.169 ms	(sync, err=0.00201 ms)
seq_no=73         delay=0.202 ms	(sync, err=0.00201 ms)
seq_no=74         delay=0.2 ms	(sync, err=0.00201 ms)
seq_no=75         delay=0.172 ms	(sync, err=0.00201 ms)
seq_no=76         delay=0.175 ms	(sync, err=0.00201 ms)
seq_no=77         delay=0.176 ms	(sync, err=0.00201 ms)
seq_no=78         delay=0.183 ms	(sync, err=0.00201 ms)
seq_no=79         delay=0.167 ms	(sync, err=0.00201 ms)
seq_no=80         delay=0.198 ms	(sync, err=0.00201 ms)
seq_no=81         delay=0.181 ms	(sync, err=0.00201 ms)
seq_no=82         delay=0.169 ms	(sync, err=0.00201 ms)
seq_no=83         delay=0.183 ms	(sync, err=0.00201 ms)
seq_no=84         delay=0.171 ms	(sync, err=0.00201 ms)
seq_no=85         delay=0.121 ms	(sync, err=0.00201 ms)
seq_no=86         delay=0.0939 ms	(sync, err=0.00201 ms)
seq_no=87         delay=0.159 ms	(sync, err=0.00201 ms)
seq_no=88         delay=0.127 ms	(sync, err=0.00201 ms)
seq_no=89         delay=0.128 ms	(sync, err=0.00201 ms)

--- owping statistics from [10.1.6.11]:8765 to [10.1.6.22]:45567 ---
SID:	0a010616ee6f348a1af852cd8b78b340
first:	2026-10-06T08:49:15.092
last:	2026-10-06T08:49:25.071
90 sent, 0 lost (0.000%), 0 duplicates
one-way delay min/median/max = 0.0343/0.1/2.94 ms, (err=0.00201 ms)
one-way jitter = 0.4 ms (P95-P50)
hops = 0 (consistently)
no reordering

