Approximately 12.0 seconds until results available

--- owping statistics from [10.1.2.11]:9031 to [10.1.2.22]:43176 ---
SID:	0a010216ee6f34697f95840f2bacef1d
seq_no=0          delay=0.0548 ms	(sync, err=0.00201 ms)
seq_no=1          delay=0.169 ms	(sync, err=0.00201 ms)
seq_no=2          delay=0.0453 ms	(sync, err=0.00201 ms)
seq_no=3          delay=0.0553 ms	(sync, err=0.00201 ms)
seq_no=4          delay=0.0539 ms	(sync, err=0.00201 ms)
seq_no=5          delay=0.062 ms	(sync, err=0.00201 ms)
seq_no=6          delay=0.0429 ms	(sync, err=0.00201 ms)
seq_no=7          delay=0.0591 ms	(sync, err=0.00201 ms)
seq_no=8          delay=0.0558 ms	(sync, err=0.00201 ms)
seq_no=9          delay=0.0544 ms	(sync, err=0.00201 ms)
seq_no=10         delay=0.062 ms	(sync, err=0.00201 ms)
seq_no=11         delay=0.0567 ms	(sync, err=0.00201 ms)
seq_no=12         delay=0.0572 ms	(sync, err=0.00201 ms)
seq_no=13         delay=2 ms	(sync, err=0.00201 ms)
seq_no=14         delay=1.28 ms	(sync, err=0.00201 ms)
seq_no=15         delay=0.051 ms	(sync, err=0.00201 ms)
seq_no=16         delay=0.0539 ms	(sync, err=0.00201 ms)
seq_no=17         delay=0.0463 ms	(sync, err=0.00201 ms)
seq_no=18         delay=3 ms	(sync, err=0.00201 ms)
seq_no=19         delay=0.0486 ms	(sync, err=0.00201 ms)
seq_no=20         delay=0.0701 ms	(sync, err=0.00201 ms)
seq_no=21         delay=0.0486 ms	(sync, err=0.00201 ms)
seq_no=22         delay=0.0458 ms	(sync, err=0.00201 ms)
seq_no=23         delay=0.051 ms	(sync, err=0.00201 ms)
seq_no=24         delay=0.325 ms	(sync, err=0.00201 ms)
seq_no=25         delay=0.36 ms	(sync, err=0.00201 ms)
seq_no=26         delay=2.78 ms	(sync, err=0.00201 ms)
seq_no=27         delay=0.0463 ms	(sync, err=0.00201 ms)
seq_no=28         delay=0.0501 ms	(sync, err=0.00201 ms)
seq_no=29         delay=0.0453 ms	(sync, err=0.00201 ms)
seq_no=30         delay=0.0501 ms	(sync, err=0.00201 ms)
seq_no=31         delay=0.0453 ms	(sync, err=0.00201 ms)
seq_no=32         delay=0.0453 ms	(sync, err=0.00201 ms)
seq_no=33         delay=0.0591 ms	(sync, err=0.00201 ms)
seq_no=34         delay=0.102 ms	(sync, err=0.00201 ms)
seq_no=35         delay=0.0501 ms	(sync, err=0.00201 ms)
seq_no=36         delay=0.0448 ms	(sync, err=0.00201 ms)
seq_no=37         delay=0.0787 ms	(sync, err=0.00201 ms)
seq_no=38         delay=0.547 ms	(sync, err=0.00201 ms)
seq_no=39         delay=0.546 ms	(sync, err=0.00201 ms)
seq_no=40         delay=0.102 ms	(sync, err=0.00201 ms)
seq_no=41         delay=0.0482 ms	(sync, err=0.00201 ms)
seq_no=42         delay=0.062 ms	(sync, err=0.00201 ms)
seq_no=43         delay=0.0539 ms	(sync, err=0.00201 ms)
seq_no=44         delay=0.0453 ms	(sync, err=0.00201 ms)
seq_no=45         delay=1.17 ms	(sync, err=0.00201 ms)
seq_no=46         delay=0.0682 ms	(sync, err=0.00201 ms)
seq_no=47         delay=0.0448 ms	(sync, err=0.00201 ms)
seq_no=48         delay=1.68 ms	(sync, err=0.00201 ms)
seq_no=49         delay=0.0439 ms	(sync, err=0.00201 ms)
seq_no=50         delay=0.0439 ms	(sync, err=0.00201 ms)
seq_no=51         delay=0.0453 ms	(sync, err=0.00201 ms)
seq_no=52         delay=0.0472 ms	(sync, err=0.00201 ms)
seq_no=53         delay=0.0563 ms	(sync, err=0.00201 ms)
seq_no=54         delay=0.0472 ms	(sync, err=0.00201 ms)
seq_no=55         delay=0.0448 ms	(sync, err=0.00201 ms)
seq_no=56         delay=0.0443 ms	(sync, err=0.00201 ms)
seq_no=57         delay=0.0458 ms	(sync, err=0.00201 ms)
seq_no=58         delay=0.0501 ms	(sync, err=0.00201 ms)
seq_no=59         delay=0.0463 ms	(sync, err=0.00201 ms)
seq_no=60         delay=1.01 ms	(sync, err=0.00201 ms)
seq_no=61         delay=0.041 ms	(sync, err=0.00201 ms)
seq_no=62         delay=0.0939 ms	(sync, err=0.00201 ms)
seq_no=63         delay=0.0801 ms	(sync, err=0.00201 ms)
seq_no=64         delay=0.0749 ms	(sync, err=0.00201 ms)
seq_no=65         delay=0.082 ms	(sync, err=0.00201 ms)
seq_no=66         delay=0.0572 ms	(sync, err=0.00201 ms)
seq_no=67         delay=0.051 ms	(sync, err=0.00201 ms)
seq_no=68         delay=0.0401 ms	(sync, err=0.00201 ms)
seq_no=69         delay=0.404 ms	(sync, err=0.00201 ms)
seq_no=70         delay=0.386 ms	(sync, err=0.00201 ms)
seq_no=71         delay=0.117 ms	(sync, err=0.00201 ms)
seq_no=72         delay=0.0777 ms	(sync, err=0.00201 ms)
seq_no=73         delay=0.0939 ms	(sync, err=0.00201 ms)
seq_no=74         delay=0.0548 ms	(sync, err=0.00201 ms)
seq_no=75         delay=0.109 ms	(sync, err=0.00201 ms)
seq_no=76         delay=0.0787 ms	(sync, err=0.00201 ms)
seq_no=77         delay=5.4 ms	(sync, err=0.00201 ms)
seq_no=78         delay=0.0448 ms	(sync, err=0.00201 ms)
seq_no=79         delay=0.0467 ms	(sync, err=0.00201 ms)
seq_no=80         delay=0.342 ms	(sync, err=0.00201 ms)
seq_no=81         delay=0.0458 ms	(sync, err=0.00201 ms)
seq_no=82         delay=0.0443 ms	(sync, err=0.00201 ms)
seq_no=83         delay=3 ms	(sync, err=0.00201 ms)
seq_no=84         delay=0.185 ms	(sync, err=0.00201 ms)
seq_no=85         delay=0.0401 ms	(sync, err=0.00201 ms)
seq_no=86         delay=0.0424 ms	(sync, err=0.00201 ms)
seq_no=87         delay=0.0491 ms	(sync, err=0.00201 ms)
seq_no=88         delay=0.042 ms	(sync, err=0.00201 ms)
seq_no=89         delay=0.0386 ms	(sync, err=0.00201 ms)

--- owping statistics from [10.1.2.11]:9031 to [10.1.2.22]:43176 ---
SID:	0a010216ee6f34697f95840f2bacef1d
first:	2026-10-06T08:48:42.523
last:	2026-10-06T08:48:49.763
90 sent, 0 lost (0.000%), 0 duplicates
one-way delay min/median/max = 0.0386/0.1/5.4 ms, (err=0.00201 ms)
one-way jitter = 2 ms (P95-P50)
hops = 0 (consistently)
no reordering

