Approximately 12.0 seconds until results available

--- owping statistics from [10.1.2.11]:8814 to [10.1.2.22]:47764 ---
SID:	0a010216ee6f31de619f794a644678b6
seq_no=0          delay=2.97 ms	(sync, err=0.00201 ms)
seq_no=1          delay=0.0567 ms	(sync, err=0.00201 ms)
seq_no=2          delay=0.0491 ms	(sync, err=0.00201 ms)
seq_no=3          delay=0.0849 ms	(sync, err=0.00201 ms)
seq_no=4          delay=0.134 ms	(sync, err=0.00201 ms)
seq_no=5          delay=0.158 ms	(sync, err=0.00201 ms)
seq_no=6          delay=0.051 ms	(sync, err=0.00201 ms)
seq_no=7          delay=0.0496 ms	(sync, err=0.00201 ms)
seq_no=8          delay=0.0501 ms	(sync, err=0.00201 ms)
seq_no=9          delay=0.0448 ms	(sync, err=0.00201 ms)
seq_no=10         delay=0.062 ms	(sync, err=0.00201 ms)
seq_no=11         delay=0.0887 ms	(sync, err=0.00201 ms)
seq_no=12         delay=0.0391 ms	(sync, err=0.00201 ms)
seq_no=13         delay=0.0472 ms	(sync, err=0.00201 ms)
seq_no=14         delay=0.0353 ms	(sync, err=0.00201 ms)
seq_no=15         delay=0.0486 ms	(sync, err=0.00201 ms)
seq_no=16         delay=0.0572 ms	(sync, err=0.00201 ms)
seq_no=17         delay=0.0482 ms	(sync, err=0.00201 ms)
seq_no=18         delay=0.042 ms	(sync, err=0.00201 ms)
seq_no=19         delay=0.182 ms	(sync, err=0.00201 ms)
seq_no=20         delay=0.0658 ms	(sync, err=0.00201 ms)
seq_no=21         delay=0.173 ms	(sync, err=0.00201 ms)
seq_no=22         delay=0.147 ms	(sync, err=0.00201 ms)
seq_no=23         delay=0.0854 ms	(sync, err=0.00201 ms)
seq_no=24         delay=0.179 ms	(sync, err=0.00201 ms)
seq_no=25         delay=0.0482 ms	(sync, err=0.00201 ms)
seq_no=26         delay=1.55 ms	(sync, err=0.00201 ms)
seq_no=27         delay=0.0691 ms	(sync, err=0.00201 ms)
seq_no=28         delay=0.0906 ms	(sync, err=0.00201 ms)
seq_no=29         delay=0.126 ms	(sync, err=0.00201 ms)
seq_no=30         delay=0.103 ms	(sync, err=0.00201 ms)
seq_no=31         delay=0.155 ms	(sync, err=0.00201 ms)
seq_no=32         delay=0.121 ms	(sync, err=0.00201 ms)
seq_no=33         delay=0.103 ms	(sync, err=0.00201 ms)
seq_no=34         delay=0.102 ms	(sync, err=0.00201 ms)
seq_no=35         delay=0.111 ms	(sync, err=0.00201 ms)
seq_no=36         delay=0.349 ms	(sync, err=0.00201 ms)
seq_no=37         delay=0.246 ms	(sync, err=0.00201 ms)
seq_no=38         delay=0.156 ms	(sync, err=0.00201 ms)
seq_no=39         delay=0.0601 ms	(sync, err=0.00201 ms)
seq_no=40         delay=0.112 ms	(sync, err=0.00201 ms)
seq_no=41         delay=0.0811 ms	(sync, err=0.00201 ms)
seq_no=42         delay=0.0901 ms	(sync, err=0.00201 ms)
seq_no=43         delay=0.225 ms	(sync, err=0.00201 ms)
seq_no=44         delay=0.133 ms	(sync, err=0.00201 ms)
seq_no=45         delay=0.194 ms	(sync, err=0.00201 ms)
seq_no=46         delay=0.072 ms	(sync, err=0.00201 ms)
seq_no=47         delay=0.0601 ms	(sync, err=0.00201 ms)
seq_no=48         delay=0.0672 ms	(sync, err=0.00201 ms)
seq_no=49         delay=0.0401 ms	(sync, err=0.00201 ms)
seq_no=50         delay=0.108 ms	(sync, err=0.00201 ms)
seq_no=51         delay=0.166 ms	(sync, err=0.00201 ms)
seq_no=52         delay=0.0987 ms	(sync, err=0.00201 ms)
seq_no=53         delay=0.0529 ms	(sync, err=0.00201 ms)
seq_no=54         delay=0.0458 ms	(sync, err=0.00201 ms)
seq_no=55         delay=0.0491 ms	(sync, err=0.00201 ms)
seq_no=56         delay=0.0501 ms	(sync, err=0.00201 ms)
seq_no=57         delay=0.162 ms	(sync, err=0.00201 ms)
seq_no=58         delay=0.0854 ms	(sync, err=0.00201 ms)
seq_no=59         delay=0.13 ms	(sync, err=0.00201 ms)
seq_no=60         delay=0.062 ms	(sync, err=0.00201 ms)
seq_no=61         delay=0.0587 ms	(sync, err=0.00201 ms)
seq_no=62         delay=0.092 ms	(sync, err=0.00201 ms)
seq_no=63         delay=0.163 ms	(sync, err=0.00201 ms)
seq_no=64         delay=0.172 ms	(sync, err=0.00201 ms)
seq_no=65         delay=0.211 ms	(sync, err=0.00201 ms)
seq_no=66         delay=0.193 ms	(sync, err=0.00201 ms)
seq_no=67         delay=0.238 ms	(sync, err=0.00201 ms)
seq_no=68         delay=0.173 ms	(sync, err=0.00201 ms)
seq_no=69         delay=0.172 ms	(sync, err=0.00201 ms)
seq_no=70         delay=0.126 ms	(sync, err=0.00201 ms)
seq_no=71         delay=0.169 ms	(sync, err=0.00201 ms)
seq_no=72         delay=0.171 ms	(sync, err=0.00201 ms)
seq_no=73         delay=0.203 ms	(sync, err=0.00201 ms)
seq_no=74         delay=0.212 ms	(sync, err=0.00201 ms)
seq_no=75         delay=0.179 ms	(sync, err=0.00201 ms)
seq_no=76         delay=0.183 ms	(sync, err=0.00201 ms)
seq_no=77         delay=0.207 ms	(sync, err=0.00201 ms)
seq_no=78         delay=0.178 ms	(sync, err=0.00201 ms)
seq_no=79         delay=0.173 ms	(sync, err=0.00201 ms)
seq_no=80         delay=0.165 ms	(sync, err=0.00201 ms)
seq_no=81         delay=0.23 ms	(sync, err=0.00201 ms)
seq_no=82         delay=0.187 ms	(sync, err=0.00201 ms)
seq_no=83         delay=0.191 ms	(sync, err=0.00201 ms)
seq_no=84         delay=0.172 ms	(sync, err=0.00201 ms)
seq_no=85         delay=0.16 ms	(sync, err=0.00201 ms)
seq_no=86         delay=0.161 ms	(sync, err=0.00201 ms)
seq_no=87         delay=0.194 ms	(sync, err=0.00201 ms)
seq_no=88         delay=0.208 ms	(sync, err=0.00201 ms)
seq_no=89         delay=0.206 ms	(sync, err=0.00201 ms)

--- owping statistics from [10.1.2.11]:8814 to [10.1.2.22]:47764 ---
SID:	0a010216ee6f31de619f794a644678b6
first:	2026-10-06T08:37:51.348
last:	2026-10-06T08:38:03.227
90 sent, 0 lost (0.000%), 0 duplicates
one-way delay min/median/max = 0.0353/0.2/2.97 ms, (err=0.00201 ms)
one-way jitter = 0.1 ms (P95-P50)
hops = 0 (consistently)
no reordering

