Approximately 12.0 seconds until results available

--- owping statistics from [10.1.5.11]:9175 to [10.1.5.22]:35648 ---
SID:	0a010516ee6f180688a660269ff7f011
seq_no=0          delay=2.12 ms	(sync, err=0.00201 ms)
seq_no=1          delay=0.0482 ms	(sync, err=0.00201 ms)
seq_no=2          delay=0.341 ms	(sync, err=0.00201 ms)
seq_no=3          delay=0.0539 ms	(sync, err=0.00201 ms)
seq_no=4          delay=0.319 ms	(sync, err=0.00201 ms)
seq_no=5          delay=0.0377 ms	(sync, err=0.00201 ms)
seq_no=6          delay=0.136 ms	(sync, err=0.00201 ms)
seq_no=7          delay=0.0582 ms	(sync, err=0.00201 ms)
seq_no=8          delay=0.061 ms	(sync, err=0.00201 ms)
seq_no=9          delay=0.0591 ms	(sync, err=0.00201 ms)
seq_no=10         delay=0.0629 ms	(sync, err=0.00201 ms)
seq_no=11         delay=0.051 ms	(sync, err=0.00201 ms)
seq_no=12         delay=0.0648 ms	(sync, err=0.00201 ms)
seq_no=13         delay=0.0539 ms	(sync, err=0.00201 ms)
seq_no=14         delay=1.95 ms	(sync, err=0.00201 ms)
seq_no=15         delay=0.0467 ms	(sync, err=0.00201 ms)
seq_no=16         delay=0.0439 ms	(sync, err=0.00201 ms)
seq_no=17         delay=1.76 ms	(sync, err=0.00201 ms)
seq_no=18         delay=0.318 ms	(sync, err=0.00201 ms)
seq_no=19         delay=0.0582 ms	(sync, err=0.00201 ms)
seq_no=20         delay=2.66 ms	(sync, err=0.00201 ms)
seq_no=21         delay=0.0482 ms	(sync, err=0.00201 ms)
seq_no=22         delay=0.1 ms	(sync, err=0.00201 ms)
seq_no=23         delay=0.135 ms	(sync, err=0.00201 ms)
seq_no=24         delay=0.169 ms	(sync, err=0.00201 ms)
seq_no=25         delay=0.0558 ms	(sync, err=0.00201 ms)
seq_no=26         delay=0.042 ms	(sync, err=0.00201 ms)
seq_no=27         delay=1.48 ms	(sync, err=0.00201 ms)
seq_no=28         delay=0.0639 ms	(sync, err=0.00201 ms)
seq_no=29         delay=0.0472 ms	(sync, err=0.00201 ms)
seq_no=30         delay=0.92 ms	(sync, err=0.00201 ms)
seq_no=31         delay=2.26 ms	(sync, err=0.00201 ms)
seq_no=32         delay=0.042 ms	(sync, err=0.00201 ms)
seq_no=33         delay=0.0539 ms	(sync, err=0.00201 ms)
seq_no=34         delay=0.051 ms	(sync, err=0.00201 ms)
seq_no=35         delay=0.0529 ms	(sync, err=0.00201 ms)
seq_no=36         delay=0.0434 ms	(sync, err=0.00201 ms)
seq_no=37         delay=0.0467 ms	(sync, err=0.00201 ms)
seq_no=38         delay=0.0391 ms	(sync, err=0.00201 ms)
seq_no=39         delay=0.0458 ms	(sync, err=0.00201 ms)
seq_no=40         delay=0.0501 ms	(sync, err=0.00201 ms)
seq_no=41         delay=0.0463 ms	(sync, err=0.00201 ms)
seq_no=42         delay=0.0491 ms	(sync, err=0.00201 ms)
seq_no=43         delay=0.0629 ms	(sync, err=0.00201 ms)
seq_no=44         delay=2.01 ms	(sync, err=0.00201 ms)
seq_no=45         delay=0.071 ms	(sync, err=0.00201 ms)
seq_no=46         delay=0.0391 ms	(sync, err=0.00201 ms)
seq_no=47         delay=0.041 ms	(sync, err=0.00201 ms)
seq_no=48         delay=0.0467 ms	(sync, err=0.00201 ms)
seq_no=49         delay=0.041 ms	(sync, err=0.00201 ms)
seq_no=50         delay=0.104 ms	(sync, err=0.00201 ms)
seq_no=51         delay=0.051 ms	(sync, err=0.00201 ms)
seq_no=52         delay=0.0854 ms	(sync, err=0.00201 ms)
seq_no=53         delay=0.0629 ms	(sync, err=0.00201 ms)
seq_no=54         delay=0.908 ms	(sync, err=0.00201 ms)
seq_no=55         delay=0.0629 ms	(sync, err=0.00201 ms)
seq_no=56         delay=0.0601 ms	(sync, err=0.00201 ms)
seq_no=57         delay=0.0782 ms	(sync, err=0.00201 ms)
seq_no=58         delay=0.122 ms	(sync, err=0.00201 ms)
seq_no=59         delay=0.0629 ms	(sync, err=0.00201 ms)
seq_no=60         delay=0.093 ms	(sync, err=0.00201 ms)
seq_no=61         delay=0.0768 ms	(sync, err=0.00201 ms)
seq_no=62         delay=0.0448 ms	(sync, err=0.00201 ms)
seq_no=63         delay=0.124 ms	(sync, err=0.00201 ms)
seq_no=64         delay=0.747 ms	(sync, err=0.00201 ms)
seq_no=65         delay=0.051 ms	(sync, err=0.00201 ms)
seq_no=66         delay=2.42 ms	(sync, err=0.00201 ms)
seq_no=67         delay=0.051 ms	(sync, err=0.00201 ms)
seq_no=68         delay=0.0477 ms	(sync, err=0.00201 ms)
seq_no=69         delay=0.0501 ms	(sync, err=0.00201 ms)
seq_no=70         delay=0.0486 ms	(sync, err=0.00201 ms)
seq_no=71         delay=0.0567 ms	(sync, err=0.00201 ms)
seq_no=72         delay=0.0482 ms	(sync, err=0.00201 ms)
seq_no=73         delay=0.0753 ms	(sync, err=0.00201 ms)
seq_no=74         delay=0.0587 ms	(sync, err=0.00201 ms)
seq_no=75         delay=0.0811 ms	(sync, err=0.00201 ms)
seq_no=76         delay=0.0367 ms	(sync, err=0.00201 ms)
seq_no=77         delay=0.0653 ms	(sync, err=0.00201 ms)
seq_no=78         delay=0.0596 ms	(sync, err=0.00201 ms)
seq_no=79         delay=0.0968 ms	(sync, err=0.00201 ms)
seq_no=80         delay=0.0639 ms	(sync, err=0.00201 ms)
seq_no=81         delay=0.0629 ms	(sync, err=0.00201 ms)
seq_no=82         delay=0.0629 ms	(sync, err=0.00201 ms)
seq_no=83         delay=0.0777 ms	(sync, err=0.00201 ms)
seq_no=84         delay=0.113 ms	(sync, err=0.00201 ms)
seq_no=85         delay=0.0658 ms	(sync, err=0.00201 ms)
seq_no=86         delay=0.092 ms	(sync, err=0.00201 ms)
seq_no=87         delay=0.102 ms	(sync, err=0.00201 ms)
seq_no=88         delay=0.082 ms	(sync, err=0.00201 ms)
seq_no=89         delay=0.0782 ms	(sync, err=0.00201 ms)

--- owping statistics from [10.1.5.11]:9175 to [10.1.5.22]:35648 ---
SID:	0a010516ee6f180688a660269ff7f011
first:	2026-10-06T06:47:35.539
last:	2026-10-06T06:47:44.167
90 sent, 0 lost (0.000%), 0 duplicates
one-way delay min/median/max = 0.0367/0.1/2.66 ms, (err=0.00201 ms)
one-way jitter = 2 ms (P95-P50)
hops = 0 (consistently)
no reordering

