Approximately 12.0 seconds until results available

--- owping statistics from [10.1.8.11]:8970 to [10.1.8.22]:56432 ---
SID:	0a010816ee6f184bc0e48e630a76fcdf
seq_no=0          delay=1.9 ms	(sync, err=0.00201 ms)
seq_no=1          delay=0.0467 ms	(sync, err=0.00201 ms)
seq_no=2          delay=1.69 ms	(sync, err=0.00201 ms)
seq_no=3          delay=0.0553 ms	(sync, err=0.00201 ms)
seq_no=4          delay=0.0639 ms	(sync, err=0.00201 ms)
seq_no=5          delay=0.061 ms	(sync, err=0.00201 ms)
seq_no=6          delay=0.0448 ms	(sync, err=0.00201 ms)
seq_no=7          delay=0.061 ms	(sync, err=0.00201 ms)
seq_no=8          delay=0.0439 ms	(sync, err=0.00201 ms)
seq_no=9          delay=0.0448 ms	(sync, err=0.00201 ms)
seq_no=10         delay=0.0572 ms	(sync, err=0.00201 ms)
seq_no=11         delay=0.1 ms	(sync, err=0.00201 ms)
seq_no=12         delay=0.062 ms	(sync, err=0.00201 ms)
seq_no=13         delay=2.07 ms	(sync, err=0.00201 ms)
seq_no=14         delay=0.0529 ms	(sync, err=0.00201 ms)
seq_no=15         delay=0.2 ms	(sync, err=0.00201 ms)
seq_no=16         delay=0.061 ms	(sync, err=0.00201 ms)
seq_no=17         delay=0.364 ms	(sync, err=0.00201 ms)
seq_no=18         delay=0.0582 ms	(sync, err=0.00201 ms)
seq_no=19         delay=0.052 ms	(sync, err=0.00201 ms)
seq_no=20         delay=0.0601 ms	(sync, err=0.00201 ms)
seq_no=21         delay=0.0501 ms	(sync, err=0.00201 ms)
seq_no=22         delay=0.052 ms	(sync, err=0.00201 ms)
seq_no=23         delay=1.36 ms	(sync, err=0.00201 ms)
seq_no=24         delay=0.0777 ms	(sync, err=0.00201 ms)
seq_no=25         delay=0.0596 ms	(sync, err=0.00201 ms)
seq_no=26         delay=0.0553 ms	(sync, err=0.00201 ms)
seq_no=27         delay=0.0629 ms	(sync, err=0.00201 ms)
seq_no=28         delay=0.0839 ms	(sync, err=0.00201 ms)
seq_no=29         delay=0.061 ms	(sync, err=0.00201 ms)
seq_no=30         delay=0.0639 ms	(sync, err=0.00201 ms)
seq_no=31         delay=0.0792 ms	(sync, err=0.00201 ms)
seq_no=32         delay=0.0658 ms	(sync, err=0.00201 ms)
seq_no=33         delay=0.073 ms	(sync, err=0.00201 ms)
seq_no=34         delay=0.0639 ms	(sync, err=0.00201 ms)
seq_no=35         delay=0.0482 ms	(sync, err=0.00201 ms)
seq_no=36         delay=0.0439 ms	(sync, err=0.00201 ms)
seq_no=37         delay=0.0749 ms	(sync, err=0.00201 ms)
seq_no=38         delay=0.0429 ms	(sync, err=0.00201 ms)
seq_no=39         delay=0.0658 ms	(sync, err=0.00201 ms)
seq_no=40         delay=0.062 ms	(sync, err=0.00201 ms)
seq_no=41         delay=0.0372 ms	(sync, err=0.00201 ms)
seq_no=42         delay=0.0539 ms	(sync, err=0.00201 ms)
seq_no=43         delay=0.061 ms	(sync, err=0.00201 ms)
seq_no=44         delay=0.0691 ms	(sync, err=0.00201 ms)
seq_no=45         delay=0.0796 ms	(sync, err=0.00201 ms)
seq_no=46         delay=0.051 ms	(sync, err=0.00201 ms)
seq_no=47         delay=0.0887 ms	(sync, err=0.00201 ms)
seq_no=48         delay=0.0539 ms	(sync, err=0.00201 ms)
seq_no=49         delay=0.092 ms	(sync, err=0.00201 ms)
seq_no=50         delay=0.0463 ms	(sync, err=0.00201 ms)
seq_no=51         delay=2.88 ms	(sync, err=0.00201 ms)
seq_no=52         delay=0.0448 ms	(sync, err=0.00201 ms)
seq_no=53         delay=2.36 ms	(sync, err=0.00201 ms)
seq_no=54         delay=0.051 ms	(sync, err=0.00201 ms)
seq_no=55         delay=1.2 ms	(sync, err=0.00201 ms)
seq_no=56         delay=0.0553 ms	(sync, err=0.00201 ms)
seq_no=57         delay=0.0443 ms	(sync, err=0.00201 ms)
seq_no=58         delay=0.11 ms	(sync, err=0.00201 ms)
seq_no=59         delay=0.0739 ms	(sync, err=0.00201 ms)
seq_no=60         delay=0.0701 ms	(sync, err=0.00201 ms)
seq_no=61         delay=0.116 ms	(sync, err=0.00201 ms)
seq_no=62         delay=1.17 ms	(sync, err=0.00201 ms)
seq_no=63         delay=0.677 ms	(sync, err=0.00201 ms)
seq_no=64         delay=1.61 ms	(sync, err=0.00201 ms)
seq_no=65         delay=0.0496 ms	(sync, err=0.00201 ms)
seq_no=66         delay=1.01 ms	(sync, err=0.00201 ms)
seq_no=67         delay=0.052 ms	(sync, err=0.00201 ms)
seq_no=68         delay=0.0877 ms	(sync, err=0.00201 ms)
seq_no=69         delay=0.071 ms	(sync, err=0.00201 ms)
seq_no=70         delay=0.293 ms	(sync, err=0.00201 ms)
seq_no=71         delay=0.0448 ms	(sync, err=0.00201 ms)
seq_no=72         delay=0.0534 ms	(sync, err=0.00201 ms)
seq_no=73         delay=0.507 ms	(sync, err=0.00201 ms)
seq_no=74         delay=0.072 ms	(sync, err=0.00201 ms)
seq_no=75         delay=0.092 ms	(sync, err=0.00201 ms)
seq_no=76         delay=0.0873 ms	(sync, err=0.00201 ms)
seq_no=77         delay=0.222 ms	(sync, err=0.00201 ms)
seq_no=78         delay=0.206 ms	(sync, err=0.00201 ms)
seq_no=79         delay=0.223 ms	(sync, err=0.00201 ms)
seq_no=80         delay=0.0939 ms	(sync, err=0.00201 ms)
seq_no=81         delay=0.219 ms	(sync, err=0.00201 ms)
seq_no=82         delay=0.222 ms	(sync, err=0.00201 ms)
seq_no=83         delay=0.223 ms	(sync, err=0.00201 ms)
seq_no=84         delay=0.253 ms	(sync, err=0.00201 ms)
seq_no=85         delay=0.221 ms	(sync, err=0.00201 ms)
seq_no=86         delay=0.225 ms	(sync, err=0.00201 ms)
seq_no=87         delay=0.265 ms	(sync, err=0.00201 ms)
seq_no=88         delay=0.226 ms	(sync, err=0.00201 ms)
seq_no=89         delay=0.247 ms	(sync, err=0.00201 ms)

--- owping statistics from [10.1.8.11]:8970 to [10.1.8.22]:56432 ---
SID:	0a010816ee6f184bc0e48e630a76fcdf
first:	2026-10-06T06:48:44.784
last:	2026-10-06T06:48:54.604
90 sent, 0 lost (0.000%), 0 duplicates
one-way delay min/median/max = 0.0372/0.1/2.88 ms, (err=0.00201 ms)
one-way jitter = 1.6 ms (P95-P50)
hops = 0 (consistently)
no reordering

