Approximately 12.0 seconds until results available

--- owping statistics from [10.1.1.11]:9532 to [10.1.1.22]:37572 ---
SID:	0a010116ee6f184ba719bd19bf76d6a9
seq_no=0          delay=1.37 ms	(sync, err=0.00201 ms)
seq_no=1          delay=0.32 ms	(sync, err=0.00201 ms)
seq_no=2          delay=0.0577 ms	(sync, err=0.00201 ms)
seq_no=3          delay=0.0577 ms	(sync, err=0.00201 ms)
seq_no=4          delay=4.44 ms	(sync, err=0.00201 ms)
seq_no=5          delay=0.0563 ms	(sync, err=0.00201 ms)
seq_no=6          delay=0.0501 ms	(sync, err=0.00201 ms)
seq_no=7          delay=0.0472 ms	(sync, err=0.00201 ms)
seq_no=8          delay=0.0458 ms	(sync, err=0.00201 ms)
seq_no=9          delay=0.062 ms	(sync, err=0.00201 ms)
seq_no=10         delay=0.0548 ms	(sync, err=0.00201 ms)
seq_no=11         delay=0.0701 ms	(sync, err=0.00201 ms)
seq_no=12         delay=0.0978 ms	(sync, err=0.00201 ms)
seq_no=13         delay=0.0491 ms	(sync, err=0.00201 ms)
seq_no=14         delay=2.58 ms	(sync, err=0.00201 ms)
seq_no=15         delay=2.56 ms	(sync, err=0.00201 ms)
seq_no=16         delay=0.289 ms	(sync, err=0.00201 ms)
seq_no=17         delay=0.447 ms	(sync, err=0.00201 ms)
seq_no=18         delay=0.073 ms	(sync, err=0.00201 ms)
seq_no=19         delay=0.0501 ms	(sync, err=0.00201 ms)
seq_no=20         delay=0.217 ms	(sync, err=0.00201 ms)
seq_no=21         delay=0.139 ms	(sync, err=0.00201 ms)
seq_no=22         delay=0.131 ms	(sync, err=0.00201 ms)
seq_no=23         delay=0.0892 ms	(sync, err=0.00201 ms)
seq_no=24         delay=0.579 ms	(sync, err=0.00201 ms)
seq_no=25         delay=1.23 ms	(sync, err=0.00201 ms)
seq_no=26         delay=0.0491 ms	(sync, err=0.00201 ms)
seq_no=27         delay=0.226 ms	(sync, err=0.00201 ms)
seq_no=28         delay=0.0682 ms	(sync, err=0.00201 ms)
seq_no=29         delay=0.0539 ms	(sync, err=0.00201 ms)
seq_no=30         delay=0.109 ms	(sync, err=0.00201 ms)
seq_no=31         delay=0.109 ms	(sync, err=0.00201 ms)
seq_no=32         delay=1.22 ms	(sync, err=0.00201 ms)
seq_no=33         delay=0.0529 ms	(sync, err=0.00201 ms)
seq_no=34         delay=3.44 ms	(sync, err=0.00201 ms)
seq_no=35         delay=2.18 ms	(sync, err=0.00201 ms)
seq_no=36         delay=0.0539 ms	(sync, err=0.00201 ms)
seq_no=37         delay=0.642 ms	(sync, err=0.00201 ms)
seq_no=38         delay=3.06 ms	(sync, err=0.00201 ms)
seq_no=39         delay=0.0472 ms	(sync, err=0.00201 ms)
seq_no=40         delay=3.01 ms	(sync, err=0.00201 ms)
seq_no=41         delay=2.72 ms	(sync, err=0.00201 ms)
seq_no=42         delay=0.0539 ms	(sync, err=0.00201 ms)
seq_no=43         delay=0.0558 ms	(sync, err=0.00201 ms)
seq_no=44         delay=2.02 ms	(sync, err=0.00201 ms)
seq_no=45         delay=0.0529 ms	(sync, err=0.00201 ms)
seq_no=46         delay=0.0501 ms	(sync, err=0.00201 ms)
seq_no=47         delay=1.05 ms	(sync, err=0.00201 ms)
seq_no=48         delay=0.0329 ms	(sync, err=0.00201 ms)
seq_no=49         delay=0.0529 ms	(sync, err=0.00201 ms)
seq_no=50         delay=0.0529 ms	(sync, err=0.00201 ms)
seq_no=51         delay=0.0801 ms	(sync, err=0.00201 ms)
seq_no=52         delay=0.0682 ms	(sync, err=0.00201 ms)
seq_no=53         delay=0.0672 ms	(sync, err=0.00201 ms)
seq_no=54         delay=0.0629 ms	(sync, err=0.00201 ms)
seq_no=55         delay=0.0563 ms	(sync, err=0.00201 ms)
seq_no=56         delay=0.061 ms	(sync, err=0.00201 ms)
seq_no=57         delay=0.0591 ms	(sync, err=0.00201 ms)
seq_no=58         delay=0.0591 ms	(sync, err=0.00201 ms)
seq_no=59         delay=2.43 ms	(sync, err=0.00201 ms)
seq_no=60         delay=2.1 ms	(sync, err=0.00201 ms)
seq_no=61         delay=2.11 ms	(sync, err=0.00201 ms)
seq_no=62         delay=0.0467 ms	(sync, err=0.00201 ms)
seq_no=63         delay=0.0539 ms	(sync, err=0.00201 ms)
seq_no=64         delay=0.246 ms	(sync, err=0.00201 ms)
seq_no=65         delay=0.0639 ms	(sync, err=0.00201 ms)
seq_no=66         delay=0.0677 ms	(sync, err=0.00201 ms)
seq_no=67         delay=0.0653 ms	(sync, err=0.00201 ms)
seq_no=68         delay=0.0696 ms	(sync, err=0.00201 ms)
seq_no=69         delay=0.0439 ms	(sync, err=0.00201 ms)
seq_no=70         delay=0.051 ms	(sync, err=0.00201 ms)
seq_no=71         delay=0.103 ms	(sync, err=0.00201 ms)
seq_no=72         delay=0.0753 ms	(sync, err=0.00201 ms)
seq_no=73         delay=0.0629 ms	(sync, err=0.00201 ms)
seq_no=74         delay=0.0749 ms	(sync, err=0.00201 ms)
seq_no=75         delay=0.0949 ms	(sync, err=0.00201 ms)
seq_no=76         delay=0.119 ms	(sync, err=0.00201 ms)
seq_no=77         delay=0.198 ms	(sync, err=0.00201 ms)
seq_no=78         delay=0.184 ms	(sync, err=0.00201 ms)
seq_no=79         delay=0.189 ms	(sync, err=0.00201 ms)
seq_no=80         delay=0.222 ms	(sync, err=0.00201 ms)
seq_no=81         delay=0.229 ms	(sync, err=0.00201 ms)
seq_no=82         delay=0.223 ms	(sync, err=0.00201 ms)
seq_no=83         delay=0.2 ms	(sync, err=0.00201 ms)
seq_no=84         delay=0.227 ms	(sync, err=0.00201 ms)
seq_no=85         delay=0.239 ms	(sync, err=0.00201 ms)
seq_no=86         delay=0.259 ms	(sync, err=0.00201 ms)
seq_no=87         delay=0.123 ms	(sync, err=0.00201 ms)
seq_no=88         delay=0.204 ms	(sync, err=0.00201 ms)
seq_no=89         delay=0.2 ms	(sync, err=0.00201 ms)

--- owping statistics from [10.1.1.11]:9532 to [10.1.1.22]:37572 ---
SID:	0a010116ee6f184ba719bd19bf76d6a9
first:	2026-10-06T06:48:44.730
last:	2026-10-06T06:48:54.220
90 sent, 0 lost (0.000%), 0 duplicates
one-way delay min/median/max = 0.0329/0.1/4.44 ms, (err=0.00201 ms)
one-way jitter = 2.7 ms (P95-P50)
hops = 0 (consistently)
no reordering

