Approximately 12.0 seconds until results available

--- owping statistics from [10.1.1.11]:9054 to [10.1.1.22]:52245 ---
SID:	0a010116ee654b6faa3f60386915f785
seq_no=0          delay=0.061 ms	(sync, err=0.00201 ms)
seq_no=1          delay=0.0343 ms	(sync, err=0.00201 ms)
seq_no=2          delay=0.061 ms	(sync, err=0.00201 ms)
seq_no=3          delay=0.0544 ms	(sync, err=0.00201 ms)
seq_no=4          delay=2.78 ms	(sync, err=0.00201 ms)
seq_no=5          delay=0.071 ms	(sync, err=0.00201 ms)
seq_no=6          delay=0.0548 ms	(sync, err=0.00201 ms)
seq_no=7          delay=0.0901 ms	(sync, err=0.00201 ms)
seq_no=8          delay=0.073 ms	(sync, err=0.00201 ms)
seq_no=9          delay=0.318 ms	(sync, err=0.00201 ms)
seq_no=10         delay=0.221 ms	(sync, err=0.00201 ms)
seq_no=11         delay=0.141 ms	(sync, err=0.00201 ms)
seq_no=12         delay=0.0858 ms	(sync, err=0.00201 ms)
seq_no=13         delay=0.379 ms	(sync, err=0.00201 ms)
seq_no=14         delay=2.43 ms	(sync, err=0.00201 ms)
seq_no=15         delay=0.155 ms	(sync, err=0.00201 ms)
seq_no=16         delay=0.0868 ms	(sync, err=0.00201 ms)
seq_no=17         delay=0.0968 ms	(sync, err=0.00201 ms)
seq_no=18         delay=0.119 ms	(sync, err=0.00201 ms)
seq_no=19         delay=0.0887 ms	(sync, err=0.00201 ms)
seq_no=20         delay=0.0863 ms	(sync, err=0.00201 ms)
seq_no=21         delay=0.122 ms	(sync, err=0.00201 ms)
seq_no=22         delay=0.0439 ms	(sync, err=0.00201 ms)
seq_no=23         delay=0.0567 ms	(sync, err=0.00201 ms)
seq_no=24         delay=0.0491 ms	(sync, err=0.00201 ms)
seq_no=25         delay=0.072 ms	(sync, err=0.00201 ms)
seq_no=26         delay=1.06 ms	(sync, err=0.00201 ms)
seq_no=27         delay=0.0496 ms	(sync, err=0.00201 ms)
seq_no=28         delay=0.0572 ms	(sync, err=0.00201 ms)
seq_no=29         delay=0.0553 ms	(sync, err=0.00201 ms)
seq_no=30         delay=1.35 ms	(sync, err=0.00201 ms)
seq_no=31         delay=0.146 ms	(sync, err=0.00201 ms)
seq_no=32         delay=0.15 ms	(sync, err=0.00201 ms)
seq_no=33         delay=0.0467 ms	(sync, err=0.00201 ms)
seq_no=34         delay=0.302 ms	(sync, err=0.00201 ms)
seq_no=35         delay=0.0596 ms	(sync, err=0.00201 ms)
seq_no=36         delay=0.0658 ms	(sync, err=0.00201 ms)
seq_no=37         delay=0.0939 ms	(sync, err=0.00201 ms)
seq_no=38         delay=0.072 ms	(sync, err=0.00201 ms)
seq_no=39         delay=0.0587 ms	(sync, err=0.00201 ms)
seq_no=40         delay=0.0558 ms	(sync, err=0.00201 ms)
seq_no=41         delay=0.103 ms	(sync, err=0.00201 ms)
seq_no=42         delay=0.123 ms	(sync, err=0.00201 ms)
seq_no=43         delay=0.061 ms	(sync, err=0.00201 ms)
seq_no=44         delay=0.0601 ms	(sync, err=0.00201 ms)
seq_no=45         delay=0.151 ms	(sync, err=0.00201 ms)
seq_no=46         delay=0.0501 ms	(sync, err=0.00201 ms)
seq_no=47         delay=0.0567 ms	(sync, err=0.00201 ms)
seq_no=48         delay=0.072 ms	(sync, err=0.00201 ms)
seq_no=49         delay=0.0362 ms	(sync, err=0.00201 ms)
seq_no=50         delay=3.01 ms	(sync, err=0.00201 ms)
seq_no=51         delay=0.0668 ms	(sync, err=0.00201 ms)
seq_no=52         delay=0.106 ms	(sync, err=0.00201 ms)
seq_no=53         delay=3.18 ms	(sync, err=0.00201 ms)
seq_no=54         delay=0.0958 ms	(sync, err=0.00201 ms)
seq_no=55         delay=0.0482 ms	(sync, err=0.00201 ms)
seq_no=56         delay=1.11 ms	(sync, err=0.00201 ms)
seq_no=57         delay=3.51 ms	(sync, err=0.00201 ms)
seq_no=58         delay=0.0687 ms	(sync, err=0.00201 ms)
seq_no=59         delay=0.1 ms	(sync, err=0.00201 ms)
seq_no=60         delay=0.9 ms	(sync, err=0.00201 ms)
seq_no=61         delay=1.51 ms	(sync, err=0.00201 ms)
seq_no=62         delay=0.0401 ms	(sync, err=0.00201 ms)
seq_no=63         delay=0.429 ms	(sync, err=0.00201 ms)
seq_no=64         delay=0.0572 ms	(sync, err=0.00201 ms)
seq_no=65         delay=0.0463 ms	(sync, err=0.00201 ms)
seq_no=66         delay=0.0482 ms	(sync, err=0.00201 ms)
seq_no=67         delay=2.75 ms	(sync, err=0.00201 ms)
seq_no=68         delay=0.0591 ms	(sync, err=0.00201 ms)
seq_no=69         delay=0.0491 ms	(sync, err=0.00201 ms)
seq_no=70         delay=0.0448 ms	(sync, err=0.00201 ms)
seq_no=71         delay=0.0739 ms	(sync, err=0.00201 ms)
seq_no=72         delay=0.31 ms	(sync, err=0.00201 ms)
seq_no=73         delay=0.0448 ms	(sync, err=0.00201 ms)
seq_no=74         delay=0.0854 ms	(sync, err=0.00201 ms)
seq_no=75         delay=0.0706 ms	(sync, err=0.00201 ms)
seq_no=76         delay=0.052 ms	(sync, err=0.00201 ms)
seq_no=77         delay=0.0558 ms	(sync, err=0.00201 ms)
seq_no=78         delay=0.675 ms	(sync, err=0.00201 ms)
seq_no=79         delay=0.0658 ms	(sync, err=0.00201 ms)
seq_no=80         delay=0.0634 ms	(sync, err=0.00201 ms)
seq_no=81         delay=0.0539 ms	(sync, err=0.00201 ms)
seq_no=82         delay=0.0629 ms	(sync, err=0.00201 ms)
seq_no=83         delay=0.0558 ms	(sync, err=0.00201 ms)
seq_no=84         delay=0.0629 ms	(sync, err=0.00201 ms)
seq_no=85         delay=0.0839 ms	(sync, err=0.00201 ms)
seq_no=86         delay=0.0691 ms	(sync, err=0.00201 ms)
seq_no=87         delay=0.0777 ms	(sync, err=0.00201 ms)
seq_no=88         delay=0.071 ms	(sync, err=0.00201 ms)
seq_no=89         delay=0.031 ms	(sync, err=0.00201 ms)

--- owping statistics from [10.1.1.11]:9054 to [10.1.1.22]:52245 ---
SID:	0a010116ee654b6faa3f60386915f785
first:	2026-09-28T20:24:16.695
last:	2026-09-28T20:24:24.720
90 sent, 0 lost (0.000%), 0 duplicates
one-way delay min/median/max = 0.031/0.1/3.51 ms, (err=0.00201 ms)
one-way jitter = 2.7 ms (P95-P50)
hops = 0 (consistently)
no reordering

