Approximately 11.9 seconds until results available

--- owping statistics from [10.1.3.11]:9611 to [10.1.3.22]:51513 ---
SID:	0a010316ee654b3c4dbe1b6e4ae5df25
seq_no=0          delay=0.105 ms	(sync, err=0.00201 ms)
seq_no=1          delay=0.154 ms	(sync, err=0.00201 ms)
seq_no=2          delay=0.856 ms	(sync, err=0.00201 ms)
seq_no=3          delay=0.0625 ms	(sync, err=0.00201 ms)
seq_no=4          delay=1.52 ms	(sync, err=0.00201 ms)
seq_no=5          delay=1.33 ms	(sync, err=0.00201 ms)
seq_no=6          delay=0.0558 ms	(sync, err=0.00201 ms)
seq_no=7          delay=1.01 ms	(sync, err=0.00201 ms)
seq_no=8          delay=2.34 ms	(sync, err=0.00201 ms)
seq_no=9          delay=0.0768 ms	(sync, err=0.00201 ms)
seq_no=10         delay=0.0639 ms	(sync, err=0.00201 ms)
seq_no=11         delay=0.136 ms	(sync, err=0.00201 ms)
seq_no=12         delay=0.106 ms	(sync, err=0.00201 ms)
seq_no=13         delay=0.0801 ms	(sync, err=0.00201 ms)
seq_no=14         delay=2.13 ms	(sync, err=0.00201 ms)
seq_no=15         delay=0.0529 ms	(sync, err=0.00201 ms)
seq_no=16         delay=0.0501 ms	(sync, err=0.00201 ms)
seq_no=17         delay=2.58 ms	(sync, err=0.00201 ms)
seq_no=18         delay=3.75 ms	(sync, err=0.00201 ms)
seq_no=19         delay=0.0558 ms	(sync, err=0.00201 ms)
seq_no=20         delay=0.0401 ms	(sync, err=0.00201 ms)
seq_no=21         delay=0.083 ms	(sync, err=0.00201 ms)
seq_no=22         delay=0.071 ms	(sync, err=0.00201 ms)
seq_no=23         delay=0.295 ms	(sync, err=0.00201 ms)
seq_no=24         delay=0.051 ms	(sync, err=0.00201 ms)
seq_no=25         delay=0.0434 ms	(sync, err=0.00201 ms)
seq_no=26         delay=0.677 ms	(sync, err=0.00201 ms)
seq_no=27         delay=3.9 ms	(sync, err=0.00201 ms)
seq_no=28         delay=0.0906 ms	(sync, err=0.00201 ms)
seq_no=29         delay=0.0472 ms	(sync, err=0.00201 ms)
seq_no=30         delay=0.0401 ms	(sync, err=0.00201 ms)
seq_no=31         delay=0.0491 ms	(sync, err=0.00201 ms)
seq_no=32         delay=1.22 ms	(sync, err=0.00201 ms)
seq_no=33         delay=0.051 ms	(sync, err=0.00201 ms)
seq_no=34         delay=1.23 ms	(sync, err=0.00201 ms)
seq_no=35         delay=0.626 ms	(sync, err=0.00201 ms)
seq_no=36         delay=0.0525 ms	(sync, err=0.00201 ms)
seq_no=37         delay=1.06 ms	(sync, err=0.00201 ms)
seq_no=38         delay=0.0281 ms	(sync, err=0.00201 ms)
seq_no=39         delay=0.0458 ms	(sync, err=0.00201 ms)
seq_no=40         delay=2.47 ms	(sync, err=0.00201 ms)
seq_no=41         delay=0.552 ms	(sync, err=0.00201 ms)
seq_no=42         delay=0.0463 ms	(sync, err=0.00201 ms)
seq_no=43         delay=0.0672 ms	(sync, err=0.00201 ms)
seq_no=44         delay=0.0467 ms	(sync, err=0.00201 ms)
seq_no=45         delay=0.808 ms	(sync, err=0.00201 ms)
seq_no=46         delay=1.01 ms	(sync, err=0.00201 ms)
seq_no=47         delay=0.148 ms	(sync, err=0.00201 ms)
seq_no=48         delay=0.0529 ms	(sync, err=0.00201 ms)
seq_no=49         delay=0.124 ms	(sync, err=0.00201 ms)
seq_no=50         delay=5.1 ms	(sync, err=0.00201 ms)
seq_no=51         delay=2.28 ms	(sync, err=0.00201 ms)
seq_no=52         delay=0.0491 ms	(sync, err=0.00201 ms)
seq_no=53         delay=0.109 ms	(sync, err=0.00201 ms)
seq_no=54         delay=0.0896 ms	(sync, err=0.00201 ms)
seq_no=55         delay=0.0939 ms	(sync, err=0.00201 ms)
seq_no=56         delay=0.0696 ms	(sync, err=0.00201 ms)
seq_no=57         delay=0.0782 ms	(sync, err=0.00201 ms)
seq_no=58         delay=0.0687 ms	(sync, err=0.00201 ms)
seq_no=59         delay=0.111 ms	(sync, err=0.00201 ms)
seq_no=60         delay=0.109 ms	(sync, err=0.00201 ms)
seq_no=61         delay=0.253 ms	(sync, err=0.00201 ms)
seq_no=62         delay=0.0892 ms	(sync, err=0.00201 ms)
seq_no=63         delay=0.0777 ms	(sync, err=0.00201 ms)
seq_no=64         delay=0.0629 ms	(sync, err=0.00201 ms)
seq_no=65         delay=0.0629 ms	(sync, err=0.00201 ms)
seq_no=66         delay=0.073 ms	(sync, err=0.00201 ms)
seq_no=67         delay=0.0582 ms	(sync, err=0.00201 ms)
seq_no=68         delay=0.0639 ms	(sync, err=0.00201 ms)
seq_no=69         delay=0.0668 ms	(sync, err=0.00201 ms)
seq_no=70         delay=0.073 ms	(sync, err=0.00201 ms)
seq_no=71         delay=0.0701 ms	(sync, err=0.00201 ms)
seq_no=72         delay=0.062 ms	(sync, err=0.00201 ms)
seq_no=73         delay=0.245 ms	(sync, err=0.00201 ms)
seq_no=74         delay=1.85 ms	(sync, err=0.00201 ms)
seq_no=75         delay=0.602 ms	(sync, err=0.00201 ms)
seq_no=76         delay=1.33 ms	(sync, err=0.00201 ms)
seq_no=77         delay=0.042 ms	(sync, err=0.00201 ms)
seq_no=78         delay=0.0639 ms	(sync, err=0.00201 ms)
seq_no=79         delay=0.611 ms	(sync, err=0.00201 ms)
seq_no=80         delay=0.041 ms	(sync, err=0.00201 ms)
seq_no=81         delay=0.0381 ms	(sync, err=0.00201 ms)
seq_no=82         delay=0.0443 ms	(sync, err=0.00201 ms)
seq_no=83         delay=0.0501 ms	(sync, err=0.00201 ms)
seq_no=84         delay=0.0386 ms	(sync, err=0.00201 ms)
seq_no=85         delay=0.233 ms	(sync, err=0.00201 ms)
seq_no=86         delay=0.0591 ms	(sync, err=0.00201 ms)
seq_no=87         delay=0.0567 ms	(sync, err=0.00201 ms)
seq_no=88         delay=0.092 ms	(sync, err=0.00201 ms)
seq_no=89         delay=0.0691 ms	(sync, err=0.00201 ms)

--- owping statistics from [10.1.3.11]:9611 to [10.1.3.22]:51513 ---
SID:	0a010316ee654b3c4dbe1b6e4ae5df25
first:	2026-09-28T20:23:25.326
last:	2026-09-28T20:23:33.854
90 sent, 0 lost (0.000%), 0 duplicates
one-way delay min/median/max = 0.0281/0.1/5.1 ms, (err=0.00201 ms)
one-way jitter = 2.4 ms (P95-P50)
hops = 0 (consistently)
no reordering

