Approximately 12.0 seconds until results available

--- owping statistics from [10.1.1.11]:8970 to [10.1.1.22]:34409 ---
SID:	0a010116ee6d2957dda9149d385098ba
seq_no=0          delay=0.0529 ms	(sync, err=0.00201 ms)
seq_no=1          delay=4.86 ms	(sync, err=0.00201 ms)
seq_no=2          delay=0.132 ms	(sync, err=0.00201 ms)
seq_no=3          delay=0.338 ms	(sync, err=0.00201 ms)
seq_no=4          delay=0.379 ms	(sync, err=0.00201 ms)
seq_no=5          delay=0.0534 ms	(sync, err=0.00201 ms)
seq_no=6          delay=0.0362 ms	(sync, err=0.00201 ms)
seq_no=7          delay=0.0658 ms	(sync, err=0.00201 ms)
seq_no=8          delay=0.324 ms	(sync, err=0.00201 ms)
seq_no=9          delay=0.217 ms	(sync, err=0.00201 ms)
seq_no=10         delay=0.0548 ms	(sync, err=0.00201 ms)
seq_no=11         delay=0.061 ms	(sync, err=0.00201 ms)
seq_no=12         delay=0.247 ms	(sync, err=0.00201 ms)
seq_no=13         delay=0.0539 ms	(sync, err=0.00201 ms)
seq_no=14         delay=1.03 ms	(sync, err=0.00201 ms)
seq_no=15         delay=0.0582 ms	(sync, err=0.00201 ms)
seq_no=16         delay=0.507 ms	(sync, err=0.00201 ms)
seq_no=17         delay=0.0548 ms	(sync, err=0.00201 ms)
seq_no=18         delay=0.0949 ms	(sync, err=0.00201 ms)
seq_no=19         delay=1.3 ms	(sync, err=0.00201 ms)
seq_no=20         delay=0.101 ms	(sync, err=0.00201 ms)
seq_no=21         delay=0.0367 ms	(sync, err=0.00201 ms)
seq_no=22         delay=0.0858 ms	(sync, err=0.00201 ms)
seq_no=23         delay=0.0529 ms	(sync, err=0.00201 ms)
seq_no=24         delay=2.52 ms	(sync, err=0.00201 ms)
seq_no=25         delay=0.0496 ms	(sync, err=0.00201 ms)
seq_no=26         delay=1.23 ms	(sync, err=0.00201 ms)
seq_no=27         delay=0.0839 ms	(sync, err=0.00201 ms)
seq_no=28         delay=0.412 ms	(sync, err=0.00201 ms)
seq_no=29         delay=0.051 ms	(sync, err=0.00201 ms)
seq_no=30         delay=0.061 ms	(sync, err=0.00201 ms)
seq_no=31         delay=0.0739 ms	(sync, err=0.00201 ms)
seq_no=32         delay=0.0648 ms	(sync, err=0.00201 ms)
seq_no=33         delay=0.0539 ms	(sync, err=0.00201 ms)
seq_no=34         delay=0.0539 ms	(sync, err=0.00201 ms)
seq_no=35         delay=0.0653 ms	(sync, err=0.00201 ms)
seq_no=36         delay=0.0567 ms	(sync, err=0.00201 ms)
seq_no=37         delay=0.0539 ms	(sync, err=0.00201 ms)
seq_no=38         delay=0.0558 ms	(sync, err=0.00201 ms)
seq_no=39         delay=0.0658 ms	(sync, err=0.00201 ms)
seq_no=40         delay=0.0529 ms	(sync, err=0.00201 ms)
seq_no=41         delay=0.223 ms	(sync, err=0.00201 ms)
seq_no=42         delay=1.05 ms	(sync, err=0.00201 ms)
seq_no=43         delay=1.35 ms	(sync, err=0.00201 ms)
seq_no=44         delay=0.567 ms	(sync, err=0.00201 ms)
seq_no=45         delay=3.31 ms	(sync, err=0.00201 ms)
seq_no=46         delay=0.052 ms	(sync, err=0.00201 ms)
seq_no=47         delay=0.0563 ms	(sync, err=0.00201 ms)
seq_no=48         delay=0.117 ms	(sync, err=0.00201 ms)
seq_no=49         delay=0.0982 ms	(sync, err=0.00201 ms)
seq_no=50         delay=2.67 ms	(sync, err=0.00201 ms)
seq_no=51         delay=0.303 ms	(sync, err=0.00201 ms)
seq_no=52         delay=0.228 ms	(sync, err=0.00201 ms)
seq_no=53         delay=0.0486 ms	(sync, err=0.00201 ms)
seq_no=54         delay=1.68 ms	(sync, err=0.00201 ms)
seq_no=55         delay=0.0491 ms	(sync, err=0.00201 ms)
seq_no=56         delay=0.208 ms	(sync, err=0.00201 ms)
seq_no=57         delay=0.0467 ms	(sync, err=0.00201 ms)
seq_no=58         delay=0.0482 ms	(sync, err=0.00201 ms)
seq_no=59         delay=0.159 ms	(sync, err=0.00201 ms)
seq_no=60         delay=1.08 ms	(sync, err=0.00201 ms)
seq_no=61         delay=0.78 ms	(sync, err=0.00201 ms)
seq_no=62         delay=1.85 ms	(sync, err=0.00201 ms)
seq_no=63         delay=0.0429 ms	(sync, err=0.00201 ms)
seq_no=64         delay=0.338 ms	(sync, err=0.00201 ms)
seq_no=65         delay=0.0548 ms	(sync, err=0.00201 ms)
seq_no=66         delay=0.0849 ms	(sync, err=0.00201 ms)
seq_no=67         delay=1.36 ms	(sync, err=0.00201 ms)
seq_no=68         delay=0.0768 ms	(sync, err=0.00201 ms)
seq_no=69         delay=0.071 ms	(sync, err=0.00201 ms)
seq_no=70         delay=1.42 ms	(sync, err=0.00201 ms)
seq_no=71         delay=0.108 ms	(sync, err=0.00201 ms)
seq_no=72         delay=2.4 ms	(sync, err=0.00201 ms)
seq_no=73         delay=0.986 ms	(sync, err=0.00201 ms)
seq_no=74         delay=0.0682 ms	(sync, err=0.00201 ms)
seq_no=75         delay=0.0768 ms	(sync, err=0.00201 ms)
seq_no=76         delay=1.22 ms	(sync, err=0.00201 ms)
seq_no=77         delay=0.0839 ms	(sync, err=0.00201 ms)
seq_no=78         delay=0.093 ms	(sync, err=0.00201 ms)
seq_no=79         delay=0.0658 ms	(sync, err=0.00201 ms)
seq_no=80         delay=0.083 ms	(sync, err=0.00201 ms)
seq_no=81         delay=0.061 ms	(sync, err=0.00201 ms)
seq_no=82         delay=0.0648 ms	(sync, err=0.00201 ms)
seq_no=83         delay=0.0782 ms	(sync, err=0.00201 ms)
seq_no=84         delay=0.031 ms	(sync, err=0.00201 ms)
seq_no=85         delay=0.0701 ms	(sync, err=0.00201 ms)
seq_no=86         delay=0.083 ms	(sync, err=0.00201 ms)
seq_no=87         delay=0.0639 ms	(sync, err=0.00201 ms)
seq_no=88         delay=0.0591 ms	(sync, err=0.00201 ms)
seq_no=89         delay=0.11 ms	(sync, err=0.00201 ms)

--- owping statistics from [10.1.1.11]:8970 to [10.1.1.22]:34409 ---
SID:	0a010116ee6d2957dda9149d385098ba
first:	2026-10-04T19:36:56.942
last:	2026-10-04T19:37:05.749
90 sent, 0 lost (0.000%), 0 duplicates
one-way delay min/median/max = 0.031/0.1/4.86 ms, (err=0.00201 ms)
one-way jitter = 2.3 ms (P95-P50)
hops = 0 (consistently)
no reordering

