Approximately 12.0 seconds until results available

--- owping statistics from [10.1.7.11]:8902 to [10.1.7.22]:43965 ---
SID:	0a010716ee6d29be86dec6dbc2818f1e
seq_no=0          delay=0.093 ms	(sync, err=0.00201 ms)
seq_no=1          delay=0.0548 ms	(sync, err=0.00201 ms)
seq_no=2          delay=0.0467 ms	(sync, err=0.00201 ms)
seq_no=3          delay=0.104 ms	(sync, err=0.00201 ms)
seq_no=4          delay=0.062 ms	(sync, err=0.00201 ms)
seq_no=5          delay=0.101 ms	(sync, err=0.00201 ms)
seq_no=6          delay=0.083 ms	(sync, err=0.00201 ms)
seq_no=7          delay=0.092 ms	(sync, err=0.00201 ms)
seq_no=8          delay=0.128 ms	(sync, err=0.00201 ms)
seq_no=9          delay=0.151 ms	(sync, err=0.00201 ms)
seq_no=10         delay=0.102 ms	(sync, err=0.00201 ms)
seq_no=11         delay=0.938 ms	(sync, err=0.00201 ms)
seq_no=12         delay=0.052 ms	(sync, err=0.00201 ms)
seq_no=13         delay=0.0944 ms	(sync, err=0.00201 ms)
seq_no=14         delay=0.0663 ms	(sync, err=0.00201 ms)
seq_no=15         delay=2.9 ms	(sync, err=0.00201 ms)
seq_no=16         delay=0.0381 ms	(sync, err=0.00201 ms)
seq_no=17         delay=1.93 ms	(sync, err=0.00201 ms)
seq_no=18         delay=0.0291 ms	(sync, err=0.00201 ms)
seq_no=19         delay=0.0501 ms	(sync, err=0.00201 ms)
seq_no=20         delay=1.65 ms	(sync, err=0.00201 ms)
seq_no=21         delay=0.0601 ms	(sync, err=0.00201 ms)
seq_no=22         delay=0.0577 ms	(sync, err=0.00201 ms)
seq_no=23         delay=0.12 ms	(sync, err=0.00201 ms)
seq_no=24         delay=0.0472 ms	(sync, err=0.00201 ms)
seq_no=25         delay=0.052 ms	(sync, err=0.00201 ms)
seq_no=26         delay=0.031 ms	(sync, err=0.00201 ms)
seq_no=27         delay=0.051 ms	(sync, err=0.00201 ms)
seq_no=28         delay=0.0434 ms	(sync, err=0.00201 ms)
seq_no=29         delay=0.0648 ms	(sync, err=0.00201 ms)
seq_no=30         delay=0.0672 ms	(sync, err=0.00201 ms)
seq_no=31         delay=0.0668 ms	(sync, err=0.00201 ms)
seq_no=32         delay=2.13 ms	(sync, err=0.00201 ms)
seq_no=33         delay=0.052 ms	(sync, err=0.00201 ms)
seq_no=34         delay=0.0539 ms	(sync, err=0.00201 ms)
seq_no=35         delay=0.0553 ms	(sync, err=0.00201 ms)
seq_no=36         delay=0.0491 ms	(sync, err=0.00201 ms)
seq_no=37         delay=0.0458 ms	(sync, err=0.00201 ms)
seq_no=38         delay=0.0448 ms	(sync, err=0.00201 ms)
seq_no=39         delay=2.64 ms	(sync, err=0.00201 ms)
seq_no=40         delay=0.0567 ms	(sync, err=0.00201 ms)
seq_no=41         delay=0.0806 ms	(sync, err=0.00201 ms)
seq_no=42         delay=1.37 ms	(sync, err=0.00201 ms)
seq_no=43         delay=0.4 ms	(sync, err=0.00201 ms)
seq_no=44         delay=0.0448 ms	(sync, err=0.00201 ms)
seq_no=45         delay=0.0458 ms	(sync, err=0.00201 ms)
seq_no=46         delay=0.0482 ms	(sync, err=0.00201 ms)
seq_no=47         delay=0.0472 ms	(sync, err=0.00201 ms)
seq_no=48         delay=0.0501 ms	(sync, err=0.00201 ms)
seq_no=49         delay=1.31 ms	(sync, err=0.00201 ms)
seq_no=50         delay=0.452 ms	(sync, err=0.00201 ms)
seq_no=51         delay=0.083 ms	(sync, err=0.00201 ms)
seq_no=52         delay=0.051 ms	(sync, err=0.00201 ms)
seq_no=53         delay=0.0591 ms	(sync, err=0.00201 ms)
seq_no=54         delay=0.062 ms	(sync, err=0.00201 ms)
seq_no=55         delay=0.0534 ms	(sync, err=0.00201 ms)
seq_no=56         delay=1.03 ms	(sync, err=0.00201 ms)
seq_no=57         delay=0.0839 ms	(sync, err=0.00201 ms)
seq_no=58         delay=0.0477 ms	(sync, err=0.00201 ms)
seq_no=59         delay=0.186 ms	(sync, err=0.00201 ms)
seq_no=60         delay=0.0482 ms	(sync, err=0.00201 ms)
seq_no=61         delay=0.124 ms	(sync, err=0.00201 ms)
seq_no=62         delay=0.994 ms	(sync, err=0.00201 ms)
seq_no=63         delay=0.0892 ms	(sync, err=0.00201 ms)
seq_no=64         delay=0.0892 ms	(sync, err=0.00201 ms)
seq_no=65         delay=0.107 ms	(sync, err=0.00201 ms)
seq_no=66         delay=0.116 ms	(sync, err=0.00201 ms)
seq_no=67         delay=0.104 ms	(sync, err=0.00201 ms)
seq_no=68         delay=0.0648 ms	(sync, err=0.00201 ms)
seq_no=69         delay=0.0648 ms	(sync, err=0.00201 ms)
seq_no=70         delay=0.073 ms	(sync, err=0.00201 ms)
seq_no=71         delay=0.0567 ms	(sync, err=0.00201 ms)
seq_no=72         delay=0.0491 ms	(sync, err=0.00201 ms)
seq_no=73         delay=0.0987 ms	(sync, err=0.00201 ms)
seq_no=74         delay=0.102 ms	(sync, err=0.00201 ms)
seq_no=75         delay=0.216 ms	(sync, err=0.00201 ms)
seq_no=76         delay=0.186 ms	(sync, err=0.00201 ms)
seq_no=77         delay=0.222 ms	(sync, err=0.00201 ms)
seq_no=78         delay=0.201 ms	(sync, err=0.00201 ms)
seq_no=79         delay=0.219 ms	(sync, err=0.00201 ms)
seq_no=80         delay=0.145 ms	(sync, err=0.00201 ms)
seq_no=81         delay=0.227 ms	(sync, err=0.00201 ms)
seq_no=82         delay=0.204 ms	(sync, err=0.00201 ms)
seq_no=83         delay=0.158 ms	(sync, err=0.00201 ms)
seq_no=84         delay=0.197 ms	(sync, err=0.00201 ms)
seq_no=85         delay=0.221 ms	(sync, err=0.00201 ms)
seq_no=86         delay=0.217 ms	(sync, err=0.00201 ms)
seq_no=87         delay=0.208 ms	(sync, err=0.00201 ms)
seq_no=88         delay=0.228 ms	(sync, err=0.00201 ms)
seq_no=89         delay=0.144 ms	(sync, err=0.00201 ms)

--- owping statistics from [10.1.7.11]:8902 to [10.1.7.22]:43965 ---
SID:	0a010716ee6d29be86dec6dbc2818f1e
first:	2026-10-04T19:38:39.619
last:	2026-10-04T19:38:49.515
90 sent, 0 lost (0.000%), 0 duplicates
one-way delay min/median/max = 0.0291/0.1/2.9 ms, (err=0.00201 ms)
one-way jitter = 1.6 ms (P95-P50)
hops = 0 (consistently)
no reordering

