Approximately 12.0 seconds until results available

--- owping statistics from [10.1.1.11]:9320 to [10.1.1.22]:57521 ---
SID:	0a010116ee6ceb3693fa5d878fff6f3e
seq_no=0          delay=1.55 ms	(sync, err=0.00201 ms)
seq_no=1          delay=4.11 ms	(sync, err=0.00201 ms)
seq_no=2          delay=0.061 ms	(sync, err=0.00201 ms)
seq_no=3          delay=0.0582 ms	(sync, err=0.00201 ms)
seq_no=4          delay=0.0539 ms	(sync, err=0.00201 ms)
seq_no=5          delay=0.0653 ms	(sync, err=0.00201 ms)
seq_no=6          delay=0.11 ms	(sync, err=0.00201 ms)
seq_no=7          delay=1.22 ms	(sync, err=0.00201 ms)
seq_no=8          delay=0.0701 ms	(sync, err=0.00201 ms)
seq_no=9          delay=0.363 ms	(sync, err=0.00201 ms)
seq_no=10         delay=0.345 ms	(sync, err=0.00201 ms)
seq_no=11         delay=0.0587 ms	(sync, err=0.00201 ms)
seq_no=12         delay=0.0558 ms	(sync, err=0.00201 ms)
seq_no=13         delay=0.0463 ms	(sync, err=0.00201 ms)
seq_no=14         delay=0.0811 ms	(sync, err=0.00201 ms)
seq_no=15         delay=1.51 ms	(sync, err=0.00201 ms)
seq_no=16         delay=0.0529 ms	(sync, err=0.00201 ms)
seq_no=17         delay=0.357 ms	(sync, err=0.00201 ms)
seq_no=18         delay=0.0319 ms	(sync, err=0.00201 ms)
seq_no=19         delay=5.43 ms	(sync, err=0.00201 ms)
seq_no=20         delay=0.0501 ms	(sync, err=0.00201 ms)
seq_no=21         delay=0.042 ms	(sync, err=0.00201 ms)
seq_no=22         delay=0.178 ms	(sync, err=0.00201 ms)
seq_no=23         delay=0.0577 ms	(sync, err=0.00201 ms)
seq_no=24         delay=0.294 ms	(sync, err=0.00201 ms)
seq_no=25         delay=0.0672 ms	(sync, err=0.00201 ms)
seq_no=26         delay=0.0749 ms	(sync, err=0.00201 ms)
seq_no=27         delay=0.0596 ms	(sync, err=0.00201 ms)
seq_no=28         delay=0.101 ms	(sync, err=0.00201 ms)
seq_no=29         delay=0.121 ms	(sync, err=0.00201 ms)
seq_no=30         delay=0.0486 ms	(sync, err=0.00201 ms)
seq_no=31         delay=0.0763 ms	(sync, err=0.00201 ms)
seq_no=32         delay=0.0749 ms	(sync, err=0.00201 ms)
seq_no=33         delay=0.0911 ms	(sync, err=0.00201 ms)
seq_no=34         delay=1.52 ms	(sync, err=0.00201 ms)
seq_no=35         delay=0.0548 ms	(sync, err=0.00201 ms)
seq_no=36         delay=0.073 ms	(sync, err=0.00201 ms)
seq_no=37         delay=0.0501 ms	(sync, err=0.00201 ms)
seq_no=38         delay=0.0529 ms	(sync, err=0.00201 ms)
seq_no=39         delay=0.0658 ms	(sync, err=0.00201 ms)
seq_no=40         delay=0.0858 ms	(sync, err=0.00201 ms)
seq_no=41         delay=0.082 ms	(sync, err=0.00201 ms)
seq_no=42         delay=0.0606 ms	(sync, err=0.00201 ms)
seq_no=43         delay=0.0677 ms	(sync, err=0.00201 ms)
seq_no=44         delay=0.0486 ms	(sync, err=0.00201 ms)
seq_no=45         delay=0.0358 ms	(sync, err=0.00201 ms)
seq_no=46         delay=0.0896 ms	(sync, err=0.00201 ms)
seq_no=47         delay=0.0868 ms	(sync, err=0.00201 ms)
seq_no=48         delay=0.0501 ms	(sync, err=0.00201 ms)
seq_no=49         delay=0.0424 ms	(sync, err=0.00201 ms)
seq_no=50         delay=0.0453 ms	(sync, err=0.00201 ms)
seq_no=51         delay=0.0496 ms	(sync, err=0.00201 ms)
seq_no=52         delay=0.0982 ms	(sync, err=0.00201 ms)
seq_no=53         delay=0.0401 ms	(sync, err=0.00201 ms)
seq_no=54         delay=0.0477 ms	(sync, err=0.00201 ms)
seq_no=55         delay=0.0482 ms	(sync, err=0.00201 ms)
seq_no=56         delay=2.96 ms	(sync, err=0.00201 ms)
seq_no=57         delay=0.0539 ms	(sync, err=0.00201 ms)
seq_no=58         delay=0.0458 ms	(sync, err=0.00201 ms)
seq_no=59         delay=0.0629 ms	(sync, err=0.00201 ms)
seq_no=60         delay=0.0491 ms	(sync, err=0.00201 ms)
seq_no=61         delay=2.49 ms	(sync, err=0.00201 ms)
seq_no=62         delay=0.0486 ms	(sync, err=0.00201 ms)
seq_no=63         delay=1.25 ms	(sync, err=0.00201 ms)
seq_no=64         delay=1.26 ms	(sync, err=0.00201 ms)
seq_no=65         delay=0.051 ms	(sync, err=0.00201 ms)
seq_no=66         delay=0.0496 ms	(sync, err=0.00201 ms)
seq_no=67         delay=2.96 ms	(sync, err=0.00201 ms)
seq_no=68         delay=0.051 ms	(sync, err=0.00201 ms)
seq_no=69         delay=0.0501 ms	(sync, err=0.00201 ms)
seq_no=70         delay=0.0558 ms	(sync, err=0.00201 ms)
seq_no=71         delay=0.042 ms	(sync, err=0.00201 ms)
seq_no=72         delay=0.202 ms	(sync, err=0.00201 ms)
seq_no=73         delay=0.0472 ms	(sync, err=0.00201 ms)
seq_no=74         delay=0.0501 ms	(sync, err=0.00201 ms)
seq_no=75         delay=0.0653 ms	(sync, err=0.00201 ms)
seq_no=76         delay=0.0672 ms	(sync, err=0.00201 ms)
seq_no=77         delay=0.061 ms	(sync, err=0.00201 ms)
seq_no=78         delay=0.0548 ms	(sync, err=0.00201 ms)
seq_no=79         delay=0.169 ms	(sync, err=0.00201 ms)
seq_no=80         delay=0.101 ms	(sync, err=0.00201 ms)
seq_no=81         delay=0.0992 ms	(sync, err=0.00201 ms)
seq_no=82         delay=0.142 ms	(sync, err=0.00201 ms)
seq_no=83         delay=0.157 ms	(sync, err=0.00201 ms)
seq_no=84         delay=0.161 ms	(sync, err=0.00201 ms)
seq_no=85         delay=0.191 ms	(sync, err=0.00201 ms)
seq_no=86         delay=0.175 ms	(sync, err=0.00201 ms)
seq_no=87         delay=0.18 ms	(sync, err=0.00201 ms)
seq_no=88         delay=0.173 ms	(sync, err=0.00201 ms)
seq_no=89         delay=0.184 ms	(sync, err=0.00201 ms)

--- owping statistics from [10.1.1.11]:9320 to [10.1.1.22]:57521 ---
SID:	0a010116ee6ceb3693fa5d878fff6f3e
first:	2026-10-04T15:11:51.622
last:	2026-10-04T15:12:00.713
90 sent, 0 lost (0.000%), 0 duplicates
one-way delay min/median/max = 0.0319/0.1/5.43 ms, (err=0.00201 ms)
one-way jitter = 2.4 ms (P95-P50)
hops = 0 (consistently)
no reordering

