Approximately 12.0 seconds until results available

--- owping statistics from [10.1.5.11]:9347 to [10.1.5.22]:55288 ---
SID:	0a010516ee6d28a1fdad82abf743f52e
seq_no=0          delay=0.502 ms	(sync, err=0.00201 ms)
seq_no=1          delay=2.49 ms	(sync, err=0.00201 ms)
seq_no=2          delay=0.0601 ms	(sync, err=0.00201 ms)
seq_no=3          delay=0.304 ms	(sync, err=0.00201 ms)
seq_no=4          delay=0.0639 ms	(sync, err=0.00201 ms)
seq_no=5          delay=1.02 ms	(sync, err=0.00201 ms)
seq_no=6          delay=0.0491 ms	(sync, err=0.00201 ms)
seq_no=7          delay=0.0529 ms	(sync, err=0.00201 ms)
seq_no=8          delay=0.0529 ms	(sync, err=0.00201 ms)
seq_no=9          delay=2.98 ms	(sync, err=0.00201 ms)
seq_no=10         delay=0.392 ms	(sync, err=0.00201 ms)
seq_no=11         delay=0.0558 ms	(sync, err=0.00201 ms)
seq_no=12         delay=0.0572 ms	(sync, err=0.00201 ms)
seq_no=13         delay=0.0453 ms	(sync, err=0.00201 ms)
seq_no=14         delay=3.17 ms	(sync, err=0.00201 ms)
seq_no=15         delay=2.18 ms	(sync, err=0.00201 ms)
seq_no=16         delay=0.041 ms	(sync, err=0.00201 ms)
seq_no=17         delay=0.0758 ms	(sync, err=0.00201 ms)
seq_no=18         delay=0.051 ms	(sync, err=0.00201 ms)
seq_no=19         delay=0.061 ms	(sync, err=0.00201 ms)
seq_no=20         delay=0.284 ms	(sync, err=0.00201 ms)
seq_no=21         delay=0.0811 ms	(sync, err=0.00201 ms)
seq_no=22         delay=0.106 ms	(sync, err=0.00201 ms)
seq_no=23         delay=0.062 ms	(sync, err=0.00201 ms)
seq_no=24         delay=0.139 ms	(sync, err=0.00201 ms)
seq_no=25         delay=0.0596 ms	(sync, err=0.00201 ms)
seq_no=26         delay=0.17 ms	(sync, err=0.00201 ms)
seq_no=27         delay=0.0429 ms	(sync, err=0.00201 ms)
seq_no=28         delay=0.0696 ms	(sync, err=0.00201 ms)
seq_no=29         delay=0.0782 ms	(sync, err=0.00201 ms)
seq_no=30         delay=0.0572 ms	(sync, err=0.00201 ms)
seq_no=31         delay=0.0458 ms	(sync, err=0.00201 ms)
seq_no=32         delay=0.052 ms	(sync, err=0.00201 ms)
seq_no=33         delay=0.062 ms	(sync, err=0.00201 ms)
seq_no=34         delay=0.0534 ms	(sync, err=0.00201 ms)
seq_no=35         delay=0.0458 ms	(sync, err=0.00201 ms)
seq_no=36         delay=0.11 ms	(sync, err=0.00201 ms)
seq_no=37         delay=0.041 ms	(sync, err=0.00201 ms)
seq_no=38         delay=0.121 ms	(sync, err=0.00201 ms)
seq_no=39         delay=0.137 ms	(sync, err=0.00201 ms)
seq_no=40         delay=0.103 ms	(sync, err=0.00201 ms)
seq_no=41         delay=0.0453 ms	(sync, err=0.00201 ms)
seq_no=42         delay=0.107 ms	(sync, err=0.00201 ms)
seq_no=43         delay=0.108 ms	(sync, err=0.00201 ms)
seq_no=44         delay=0.655 ms	(sync, err=0.00201 ms)
seq_no=45         delay=0.0501 ms	(sync, err=0.00201 ms)
seq_no=46         delay=0.104 ms	(sync, err=0.00201 ms)
seq_no=47         delay=0.0429 ms	(sync, err=0.00201 ms)
seq_no=48         delay=0.083 ms	(sync, err=0.00201 ms)
seq_no=49         delay=0.0539 ms	(sync, err=0.00201 ms)
seq_no=50         delay=0.071 ms	(sync, err=0.00201 ms)
seq_no=51         delay=0.192 ms	(sync, err=0.00201 ms)
seq_no=52         delay=0.146 ms	(sync, err=0.00201 ms)
seq_no=53         delay=0.0801 ms	(sync, err=0.00201 ms)
seq_no=54         delay=0.102 ms	(sync, err=0.00201 ms)
seq_no=55         delay=0.072 ms	(sync, err=0.00201 ms)
seq_no=56         delay=0.093 ms	(sync, err=0.00201 ms)
seq_no=57         delay=0.072 ms	(sync, err=0.00201 ms)
seq_no=58         delay=0.0601 ms	(sync, err=0.00201 ms)
seq_no=59         delay=0.125 ms	(sync, err=0.00201 ms)
seq_no=60         delay=0.0987 ms	(sync, err=0.00201 ms)
seq_no=61         delay=0.0873 ms	(sync, err=0.00201 ms)
seq_no=62         delay=0.0978 ms	(sync, err=0.00201 ms)
seq_no=63         delay=0.0639 ms	(sync, err=0.00201 ms)
seq_no=64         delay=0.0587 ms	(sync, err=0.00201 ms)
seq_no=65         delay=0.051 ms	(sync, err=0.00201 ms)
seq_no=66         delay=0.072 ms	(sync, err=0.00201 ms)
seq_no=67         delay=0.062 ms	(sync, err=0.00201 ms)
seq_no=68         delay=0.0877 ms	(sync, err=0.00201 ms)
seq_no=69         delay=0.0577 ms	(sync, err=0.00201 ms)
seq_no=70         delay=0.106 ms	(sync, err=0.00201 ms)
seq_no=71         delay=2.04 ms	(sync, err=0.00201 ms)
seq_no=72         delay=0.0596 ms	(sync, err=0.00201 ms)
seq_no=73         delay=0.235 ms	(sync, err=0.00201 ms)
seq_no=74         delay=0.061 ms	(sync, err=0.00201 ms)
seq_no=75         delay=0.0763 ms	(sync, err=0.00201 ms)
seq_no=76         delay=0.072 ms	(sync, err=0.00201 ms)
seq_no=77         delay=0.061 ms	(sync, err=0.00201 ms)
seq_no=78         delay=0.404 ms	(sync, err=0.00201 ms)
seq_no=79         delay=0.0529 ms	(sync, err=0.00201 ms)
seq_no=80         delay=0.0472 ms	(sync, err=0.00201 ms)
seq_no=81         delay=0.0658 ms	(sync, err=0.00201 ms)
seq_no=82         delay=0.0587 ms	(sync, err=0.00201 ms)
seq_no=83         delay=0.351 ms	(sync, err=0.00201 ms)
seq_no=84         delay=0.0639 ms	(sync, err=0.00201 ms)
seq_no=85         delay=0.61 ms	(sync, err=0.00201 ms)
seq_no=86         delay=0.0792 ms	(sync, err=0.00201 ms)
seq_no=87         delay=0.0873 ms	(sync, err=0.00201 ms)
seq_no=88         delay=0.0696 ms	(sync, err=0.00201 ms)
seq_no=89         delay=0.111 ms	(sync, err=0.00201 ms)

--- owping statistics from [10.1.5.11]:9347 to [10.1.5.22]:55288 ---
SID:	0a010516ee6d28a1fdad82abf743f52e
first:	2026-10-04T19:33:55.047
last:	2026-10-04T19:34:03.470
90 sent, 0 lost (0.000%), 0 duplicates
one-way delay min/median/max = 0.041/0.1/3.17 ms, (err=0.00201 ms)
one-way jitter = 2 ms (P95-P50)
hops = 0 (consistently)
no reordering

